Archive member included to satisfy reference by file (symbol)

./mbed/TARGET_LPC1768/TOOLCHAIN_GCC_ARM/libmbed.a(pwmout_api.o)
                              Servo/Servo.o (pwmout_init)
./mbed/TARGET_LPC1768/TOOLCHAIN_GCC_ARM/libmbed.a(serial_api.o)
                              mbed/TARGET_LPC1768/TOOLCHAIN_GCC_ARM/retarget.o (serial_getc)
./mbed/TARGET_LPC1768/TOOLCHAIN_GCC_ARM/libmbed.a(BusOut.o)
                              TextLCD/TextLCD.o (mbed::BusOut::~BusOut())
./mbed/TARGET_LPC1768/TOOLCHAIN_GCC_ARM/libmbed.a(FilePath.o)
                              mbed/TARGET_LPC1768/TOOLCHAIN_GCC_ARM/retarget.o (mbed::FilePath::FilePath(char const*))
./mbed/TARGET_LPC1768/TOOLCHAIN_GCC_ARM/libmbed.a(FunctionPointer.o)
                              main.o (mbed::FunctionPointer::FunctionPointer(void (*)()))
./mbed/TARGET_LPC1768/TOOLCHAIN_GCC_ARM/libmbed.a(FileSystemLike.o)
                              mbed/TARGET_LPC1768/TOOLCHAIN_GCC_ARM/retarget.o (mbed::FileSystemLike::opendir())
./mbed/TARGET_LPC1768/TOOLCHAIN_GCC_ARM/libmbed.a(InterruptIn.o)
                              main.o (mbed::InterruptIn::~InterruptIn())
./mbed/TARGET_LPC1768/TOOLCHAIN_GCC_ARM/libmbed.a(SPI.o)
                              nRF24L01P/nRF24L01P.o (mbed::SPI::SPI(PinName, PinName, PinName, PinName))
./mbed/TARGET_LPC1768/TOOLCHAIN_GCC_ARM/libmbed.a(Ticker.o)
                              main.o (mbed::Ticker::detach())
./mbed/TARGET_LPC1768/TOOLCHAIN_GCC_ARM/libmbed.a(Serial.o)
                              main.o (mbed::Serial::Serial(PinName, PinName, char const*))
./mbed/TARGET_LPC1768/TOOLCHAIN_GCC_ARM/libmbed.a(Stream.o)
                              TextLCD/TextLCD.o (mbed::Stream::close())
./mbed/TARGET_LPC1768/TOOLCHAIN_GCC_ARM/libmbed.a(SerialBase.o)
                              ./mbed/TARGET_LPC1768/TOOLCHAIN_GCC_ARM/libmbed.a(Serial.o) (mbed::SerialBase::SerialBase(PinName, PinName))
./mbed/TARGET_LPC1768/TOOLCHAIN_GCC_ARM/libmbed.a(Timeout.o)
                              main.o (vtable for mbed::Timeout)
./mbed/TARGET_LPC1768/TOOLCHAIN_GCC_ARM/libmbed.a(TimerEvent.o)
                              main.o (mbed::TimerEvent::TimerEvent())
./mbed/TARGET_LPC1768/TOOLCHAIN_GCC_ARM/libmbed.a(error.o)
                              nRF24L01P/nRF24L01P.o (error)
./mbed/TARGET_LPC1768/TOOLCHAIN_GCC_ARM/libmbed.a(assert.o)
                              mbed/TARGET_LPC1768/TOOLCHAIN_GCC_ARM/board.o (mbed_assert_internal)
./mbed/TARGET_LPC1768/TOOLCHAIN_GCC_ARM/libmbed.a(pinmap_common.o)
                              ./mbed/TARGET_LPC1768/TOOLCHAIN_GCC_ARM/libmbed.a(pwmout_api.o) (pinmap_pinout)
./mbed/TARGET_LPC1768/TOOLCHAIN_GCC_ARM/libmbed.a(exit.o)
                              /usr/lib/gcc/arm-none-eabi/4.9.2/../../../../arm-none-eabi/lib/armv7-m/crt0.o (exit)
./mbed/TARGET_LPC1768/TOOLCHAIN_GCC_ARM/libmbed.a(mbed_interface.o)
                              ./mbed/TARGET_LPC1768/TOOLCHAIN_GCC_ARM/libmbed.a(exit.o) (mbed_interface_connected)
./mbed/TARGET_LPC1768/TOOLCHAIN_GCC_ARM/libmbed.a(gpio.o)
                              ./mbed/TARGET_LPC1768/TOOLCHAIN_GCC_ARM/libmbed.a(serial_api.o) (gpio_init_in)
./mbed/TARGET_LPC1768/TOOLCHAIN_GCC_ARM/libmbed.a(us_ticker_api.o)
                              ./mbed/TARGET_LPC1768/TOOLCHAIN_GCC_ARM/libmbed.a(TimerEvent.o) (us_ticker_set_handler)
./mbed/TARGET_LPC1768/TOOLCHAIN_GCC_ARM/libmbed.a(wait_api.o)
                              nRF24L01P/nRF24L01P.o (wait_us)
./mbed/TARGET_LPC1768/TOOLCHAIN_GCC_ARM/libmbed.a(semihost_api.o)
                              ./mbed/TARGET_LPC1768/TOOLCHAIN_GCC_ARM/libmbed.a(exit.o) (semihost_exit)
./mbed/TARGET_LPC1768/TOOLCHAIN_GCC_ARM/libmbed.a(gpio_api.o)
                              ./mbed/TARGET_LPC1768/TOOLCHAIN_GCC_ARM/libmbed.a(gpio.o) (gpio_init)
./mbed/TARGET_LPC1768/TOOLCHAIN_GCC_ARM/libmbed.a(pinmap.o)
                              ./mbed/TARGET_LPC1768/TOOLCHAIN_GCC_ARM/libmbed.a(pinmap_common.o) (pin_function)
./mbed/TARGET_LPC1768/TOOLCHAIN_GCC_ARM/libmbed.a(gpio_irq_api.o)
                              ./mbed/TARGET_LPC1768/TOOLCHAIN_GCC_ARM/libmbed.a(InterruptIn.o) (gpio_irq_init)
./mbed/TARGET_LPC1768/TOOLCHAIN_GCC_ARM/libmbed.a(us_ticker.o)
                              ./mbed/TARGET_LPC1768/TOOLCHAIN_GCC_ARM/libmbed.a(us_ticker_api.o) (us_ticker_init)
./mbed/TARGET_LPC1768/TOOLCHAIN_GCC_ARM/libmbed.a(spi_api.o)
                              ./mbed/TARGET_LPC1768/TOOLCHAIN_GCC_ARM/libmbed.a(SPI.o) (spi_format)
./mbed/TARGET_LPC1768/TOOLCHAIN_GCC_ARM/libmbed.a(FileBase.o)
                              ./mbed/TARGET_LPC1768/TOOLCHAIN_GCC_ARM/libmbed.a(FileSystemLike.o) (mbed::FileBase::~FileBase())
./mbed/TARGET_LPC1768/TOOLCHAIN_GCC_ARM/libmbed.a(FileLike.o)
                              ./mbed/TARGET_LPC1768/TOOLCHAIN_GCC_ARM/libmbed.a(Stream.o) (mbed::FileLike::~FileLike())
/usr/lib/gcc/arm-none-eabi/4.9.2/../../../../arm-none-eabi/lib/armv7-m/libm.a(lib_a-s_floor.o)
                              ./mbed/TARGET_LPC1768/TOOLCHAIN_GCC_ARM/libmbed.a(spi_api.o) (floor)
/usr/lib/gcc/arm-none-eabi/4.9.2/../../../../arm-none-eabi/lib/armv7-m/libc_nano.a(lib_a-abs.o)
                              ./mbed/TARGET_LPC1768/TOOLCHAIN_GCC_ARM/libmbed.a(serial_api.o) (abs)
/usr/lib/gcc/arm-none-eabi/4.9.2/../../../../arm-none-eabi/lib/armv7-m/libc_nano.a(lib_a-aeabi_atexit.o)
                              main.o (__aeabi_atexit)
/usr/lib/gcc/arm-none-eabi/4.9.2/../../../../arm-none-eabi/lib/armv7-m/libc_nano.a(lib_a-atexit.o)
                              /usr/lib/gcc/arm-none-eabi/4.9.2/../../../../arm-none-eabi/lib/armv7-m/crt0.o (atexit)
/usr/lib/gcc/arm-none-eabi/4.9.2/../../../../arm-none-eabi/lib/armv7-m/libc_nano.a(lib_a-cxa_atexit.o)
                              /usr/lib/gcc/arm-none-eabi/4.9.2/../../../../arm-none-eabi/lib/armv7-m/libc_nano.a(lib_a-aeabi_atexit.o) (__cxa_atexit)
/usr/lib/gcc/arm-none-eabi/4.9.2/../../../../arm-none-eabi/lib/armv7-m/libc_nano.a(lib_a-errno.o)
                              mbed/TARGET_LPC1768/TOOLCHAIN_GCC_ARM/retarget.o (__errno)
/usr/lib/gcc/arm-none-eabi/4.9.2/../../../../arm-none-eabi/lib/armv7-m/libc_nano.a(lib_a-fclose.o)
                              ./mbed/TARGET_LPC1768/TOOLCHAIN_GCC_ARM/libmbed.a(Stream.o) (fclose)
/usr/lib/gcc/arm-none-eabi/4.9.2/../../../../arm-none-eabi/lib/armv7-m/libc_nano.a(lib_a-fflush.o)
                              /usr/lib/gcc/arm-none-eabi/4.9.2/../../../../arm-none-eabi/lib/armv7-m/libc_nano.a(lib_a-fclose.o) (__sflush_r)
/usr/lib/gcc/arm-none-eabi/4.9.2/../../../../arm-none-eabi/lib/armv7-m/libc_nano.a(lib_a-fgetc.o)
                              ./mbed/TARGET_LPC1768/TOOLCHAIN_GCC_ARM/libmbed.a(Stream.o) (fgetc)
/usr/lib/gcc/arm-none-eabi/4.9.2/../../../../arm-none-eabi/lib/armv7-m/libc_nano.a(lib_a-fgets.o)
                              ./mbed/TARGET_LPC1768/TOOLCHAIN_GCC_ARM/libmbed.a(Stream.o) (fgets)
/usr/lib/gcc/arm-none-eabi/4.9.2/../../../../arm-none-eabi/lib/armv7-m/libc_nano.a(lib_a-findfp.o)
                              /usr/lib/gcc/arm-none-eabi/4.9.2/../../../../arm-none-eabi/lib/armv7-m/libc_nano.a(lib_a-fclose.o) (__sinit)
/usr/lib/gcc/arm-none-eabi/4.9.2/../../../../arm-none-eabi/lib/armv7-m/libc_nano.a(lib_a-fini.o)
                              /usr/lib/gcc/arm-none-eabi/4.9.2/../../../../arm-none-eabi/lib/armv7-m/crt0.o (__libc_fini_array)
/usr/lib/gcc/arm-none-eabi/4.9.2/../../../../arm-none-eabi/lib/armv7-m/libc_nano.a(lib_a-fopen.o)
                              ./mbed/TARGET_LPC1768/TOOLCHAIN_GCC_ARM/libmbed.a(Stream.o) (fopen)
/usr/lib/gcc/arm-none-eabi/4.9.2/../../../../arm-none-eabi/lib/armv7-m/libc_nano.a(lib_a-fprintf.o)
                              ./mbed/TARGET_LPC1768/TOOLCHAIN_GCC_ARM/libmbed.a(assert.o) (fprintf)
/usr/lib/gcc/arm-none-eabi/4.9.2/../../../../arm-none-eabi/lib/armv7-m/libc_nano.a(lib_a-fputc.o)
                              ./mbed/TARGET_LPC1768/TOOLCHAIN_GCC_ARM/libmbed.a(Stream.o) (fputc)
/usr/lib/gcc/arm-none-eabi/4.9.2/../../../../arm-none-eabi/lib/armv7-m/libc_nano.a(lib_a-fputs.o)
                              ./mbed/TARGET_LPC1768/TOOLCHAIN_GCC_ARM/libmbed.a(Stream.o) (fputs)
/usr/lib/gcc/arm-none-eabi/4.9.2/../../../../arm-none-eabi/lib/armv7-m/libc_nano.a(lib_a-fseek.o)
                              /usr/lib/gcc/arm-none-eabi/4.9.2/../../../../arm-none-eabi/lib/armv7-m/libc_nano.a(lib_a-fopen.o) (_fseek_r)
/usr/lib/gcc/arm-none-eabi/4.9.2/../../../../arm-none-eabi/lib/armv7-m/libc_nano.a(lib_a-fseeko.o)
                              /usr/lib/gcc/arm-none-eabi/4.9.2/../../../../arm-none-eabi/lib/armv7-m/libc_nano.a(lib_a-fseek.o) (_fseeko_r)
/usr/lib/gcc/arm-none-eabi/4.9.2/../../../../arm-none-eabi/lib/armv7-m/libc_nano.a(lib_a-fwalk.o)
                              /usr/lib/gcc/arm-none-eabi/4.9.2/../../../../arm-none-eabi/lib/armv7-m/libc_nano.a(lib_a-findfp.o) (_fwalk)
/usr/lib/gcc/arm-none-eabi/4.9.2/../../../../arm-none-eabi/lib/armv7-m/libc_nano.a(lib_a-impure.o)
                              /usr/lib/gcc/arm-none-eabi/4.9.2/../../../../arm-none-eabi/lib/armv7-m/libc_nano.a(lib_a-fflush.o) (_global_impure_ptr)
/usr/lib/gcc/arm-none-eabi/4.9.2/../../../../arm-none-eabi/lib/armv7-m/libc_nano.a(lib_a-init.o)
                              /usr/lib/gcc/arm-none-eabi/4.9.2/../../../../arm-none-eabi/lib/armv7-m/crt0.o (__libc_init_array)
/usr/lib/gcc/arm-none-eabi/4.9.2/../../../../arm-none-eabi/lib/armv7-m/libc_nano.a(lib_a-makebuf.o)
                              /usr/lib/gcc/arm-none-eabi/4.9.2/../../../../arm-none-eabi/lib/armv7-m/libc_nano.a(lib_a-fseeko.o) (__smakebuf_r)
/usr/lib/gcc/arm-none-eabi/4.9.2/../../../../arm-none-eabi/lib/armv7-m/libc_nano.a(lib_a-malloc.o)
                              main.o (malloc)
/usr/lib/gcc/arm-none-eabi/4.9.2/../../../../arm-none-eabi/lib/armv7-m/libc_nano.a(lib_a-memchr.o)
                              /usr/lib/gcc/arm-none-eabi/4.9.2/../../../../arm-none-eabi/lib/armv7-m/libc_nano.a(lib_a-fgets.o) (memchr)
/usr/lib/gcc/arm-none-eabi/4.9.2/../../../../arm-none-eabi/lib/armv7-m/libc_nano.a(lib_a-memcpy.o)
                              ./mbed/TARGET_LPC1768/TOOLCHAIN_GCC_ARM/libmbed.a(serial_api.o) (memcpy)
/usr/lib/gcc/arm-none-eabi/4.9.2/../../../../arm-none-eabi/lib/armv7-m/libc_nano.a(lib_a-memset.o)
                              /usr/lib/gcc/arm-none-eabi/4.9.2/../../../../arm-none-eabi/lib/armv7-m/crt0.o (memset)
/usr/lib/gcc/arm-none-eabi/4.9.2/../../../../arm-none-eabi/lib/armv7-m/libc_nano.a(lib_a-nano-freer.o)
                              /usr/lib/gcc/arm-none-eabi/4.9.2/../../../../arm-none-eabi/lib/armv7-m/libc_nano.a(lib_a-fclose.o) (_free_r)
/usr/lib/gcc/arm-none-eabi/4.9.2/../../../../arm-none-eabi/lib/armv7-m/libc_nano.a(lib_a-nano-mallocr.o)
                              /usr/lib/gcc/arm-none-eabi/4.9.2/../../../../arm-none-eabi/lib/armv7-m/libc_nano.a(lib_a-findfp.o) (_malloc_r)
/usr/lib/gcc/arm-none-eabi/4.9.2/../../../../arm-none-eabi/lib/armv7-m/libc_nano.a(lib_a-openr.o)
                              /usr/lib/gcc/arm-none-eabi/4.9.2/../../../../arm-none-eabi/lib/armv7-m/libc_nano.a(lib_a-fopen.o) (_open_r)
/usr/lib/gcc/arm-none-eabi/4.9.2/../../../../arm-none-eabi/lib/armv7-m/libc_nano.a(lib_a-putc.o)
                              /usr/lib/gcc/arm-none-eabi/4.9.2/../../../../arm-none-eabi/lib/armv7-m/libc_nano.a(lib_a-fputc.o) (_putc_r)
/usr/lib/gcc/arm-none-eabi/4.9.2/../../../../arm-none-eabi/lib/armv7-m/libc_nano.a(lib_a-puts.o)
                              xbee/xbee.o (puts)
/usr/lib/gcc/arm-none-eabi/4.9.2/../../../../arm-none-eabi/lib/armv7-m/libc_nano.a(lib_a-reent.o)
                              mbed/TARGET_LPC1768/TOOLCHAIN_GCC_ARM/retarget.o (errno)
/usr/lib/gcc/arm-none-eabi/4.9.2/../../../../arm-none-eabi/lib/armv7-m/libc_nano.a(lib_a-refill.o)
                              /usr/lib/gcc/arm-none-eabi/4.9.2/../../../../arm-none-eabi/lib/armv7-m/libc_nano.a(lib_a-fgets.o) (__srefill_r)
/usr/lib/gcc/arm-none-eabi/4.9.2/../../../../arm-none-eabi/lib/armv7-m/libc_nano.a(lib_a-rget.o)
                              /usr/lib/gcc/arm-none-eabi/4.9.2/../../../../arm-none-eabi/lib/armv7-m/libc_nano.a(lib_a-fgetc.o) (__srget_r)
/usr/lib/gcc/arm-none-eabi/4.9.2/../../../../arm-none-eabi/lib/armv7-m/libc_nano.a(lib_a-sbrkr.o)
                              /usr/lib/gcc/arm-none-eabi/4.9.2/../../../../arm-none-eabi/lib/armv7-m/libc_nano.a(lib_a-nano-mallocr.o) (_sbrk_r)
/usr/lib/gcc/arm-none-eabi/4.9.2/../../../../arm-none-eabi/lib/armv7-m/libc_nano.a(lib_a-setbuf.o)
                              ./mbed/TARGET_LPC1768/TOOLCHAIN_GCC_ARM/libmbed.a(Stream.o) (setbuf)
/usr/lib/gcc/arm-none-eabi/4.9.2/../../../../arm-none-eabi/lib/armv7-m/libc_nano.a(lib_a-setvbuf.o)
                              /usr/lib/gcc/arm-none-eabi/4.9.2/../../../../arm-none-eabi/lib/armv7-m/libc_nano.a(lib_a-setbuf.o) (setvbuf)
/usr/lib/gcc/arm-none-eabi/4.9.2/../../../../arm-none-eabi/lib/armv7-m/libc_nano.a(lib_a-sprintf.o)
                              main.o (sprintf)
/usr/lib/gcc/arm-none-eabi/4.9.2/../../../../arm-none-eabi/lib/armv7-m/libc_nano.a(lib_a-sscanf.o)
                              main.o (sscanf)
/usr/lib/gcc/arm-none-eabi/4.9.2/../../../../arm-none-eabi/lib/armv7-m/libc_nano.a(lib_a-stdio.o)
                              /usr/lib/gcc/arm-none-eabi/4.9.2/../../../../arm-none-eabi/lib/armv7-m/libc_nano.a(lib_a-findfp.o) (__sread)
/usr/lib/gcc/arm-none-eabi/4.9.2/../../../../arm-none-eabi/lib/armv7-m/libc_nano.a(lib_a-strcmp.o)
                              main.o (strcmp)
/usr/lib/gcc/arm-none-eabi/4.9.2/../../../../arm-none-eabi/lib/armv7-m/libc_nano.a(lib_a-strcpy.o)
                              main.o (strcpy)
/usr/lib/gcc/arm-none-eabi/4.9.2/../../../../arm-none-eabi/lib/armv7-m/libc_nano.a(lib_a-strlen.o)
                              ./mbed/TARGET_LPC1768/TOOLCHAIN_GCC_ARM/libmbed.a(semihost_api.o) (strlen)
/usr/lib/gcc/arm-none-eabi/4.9.2/../../../../arm-none-eabi/lib/armv7-m/libc_nano.a(lib_a-strncmp.o)
                              ./mbed/TARGET_LPC1768/TOOLCHAIN_GCC_ARM/libmbed.a(FileBase.o) (strncmp)
/usr/lib/gcc/arm-none-eabi/4.9.2/../../../../arm-none-eabi/lib/armv7-m/libc_nano.a(lib_a-strncpy.o)
                              ./mbed/TARGET_LPC1768/TOOLCHAIN_GCC_ARM/libmbed.a(FileSystemLike.o) (strncpy)
/usr/lib/gcc/arm-none-eabi/4.9.2/../../../../arm-none-eabi/lib/armv7-m/libc_nano.a(lib_a-strstr.o)
                              main.o (strstr)
/usr/lib/gcc/arm-none-eabi/4.9.2/../../../../arm-none-eabi/lib/armv7-m/libc_nano.a(lib_a-svfprintf.o)
                              /usr/lib/gcc/arm-none-eabi/4.9.2/../../../../arm-none-eabi/lib/armv7-m/libc_nano.a(lib_a-sprintf.o) (_svfprintf_r)
/usr/lib/gcc/arm-none-eabi/4.9.2/../../../../arm-none-eabi/lib/armv7-m/libc_nano.a(lib_a-svfscanf.o)
                              /usr/lib/gcc/arm-none-eabi/4.9.2/../../../../arm-none-eabi/lib/armv7-m/libc_nano.a(lib_a-sscanf.o) (__ssvfscanf_r)
/usr/lib/gcc/arm-none-eabi/4.9.2/../../../../arm-none-eabi/lib/armv7-m/libc_nano.a(lib_a-vfprintf.o)
                              /usr/lib/gcc/arm-none-eabi/4.9.2/../../../../arm-none-eabi/lib/armv7-m/libc_nano.a(lib_a-fprintf.o) (_vfprintf_r)
/usr/lib/gcc/arm-none-eabi/4.9.2/../../../../arm-none-eabi/lib/armv7-m/libc_nano.a(lib_a-vfscanf.o)
                              ./mbed/TARGET_LPC1768/TOOLCHAIN_GCC_ARM/libmbed.a(Stream.o) (vfscanf)
/usr/lib/gcc/arm-none-eabi/4.9.2/../../../../arm-none-eabi/lib/armv7-m/libc_nano.a(lib_a-wbuf.o)
                              /usr/lib/gcc/arm-none-eabi/4.9.2/../../../../arm-none-eabi/lib/armv7-m/libc_nano.a(lib_a-fputs.o) (__swbuf_r)
/usr/lib/gcc/arm-none-eabi/4.9.2/../../../../arm-none-eabi/lib/armv7-m/libc_nano.a(lib_a-writer.o)
                              /usr/lib/gcc/arm-none-eabi/4.9.2/../../../../arm-none-eabi/lib/armv7-m/libc_nano.a(lib_a-stdio.o) (_write_r)
/usr/lib/gcc/arm-none-eabi/4.9.2/../../../../arm-none-eabi/lib/armv7-m/libc_nano.a(lib_a-wsetup.o)
                              /usr/lib/gcc/arm-none-eabi/4.9.2/../../../../arm-none-eabi/lib/armv7-m/libc_nano.a(lib_a-fputs.o) (__swsetup_r)
/usr/lib/gcc/arm-none-eabi/4.9.2/../../../../arm-none-eabi/lib/armv7-m/libc_nano.a(lib_a-__atexit.o)
                              /usr/lib/gcc/arm-none-eabi/4.9.2/../../../../arm-none-eabi/lib/armv7-m/libc_nano.a(lib_a-atexit.o) (__register_exitproc)
/usr/lib/gcc/arm-none-eabi/4.9.2/../../../../arm-none-eabi/lib/armv7-m/libc_nano.a(lib_a-__call_atexit.o)
                              /usr/lib/gcc/arm-none-eabi/4.9.2/../../../../arm-none-eabi/lib/armv7-m/libc_nano.a(lib_a-__atexit.o) (__call_exitprocs)
/usr/lib/gcc/arm-none-eabi/4.9.2/../../../../arm-none-eabi/lib/armv7-m/libc_nano.a(lib_a-closer.o)
                              /usr/lib/gcc/arm-none-eabi/4.9.2/../../../../arm-none-eabi/lib/armv7-m/libc_nano.a(lib_a-stdio.o) (_close_r)
/usr/lib/gcc/arm-none-eabi/4.9.2/../../../../arm-none-eabi/lib/armv7-m/libc_nano.a(lib_a-ctype_.o)
                              /usr/lib/gcc/arm-none-eabi/4.9.2/../../../../arm-none-eabi/lib/armv7-m/libc_nano.a(lib_a-svfscanf.o) (__ctype_ptr__)
/usr/lib/gcc/arm-none-eabi/4.9.2/../../../../arm-none-eabi/lib/armv7-m/libc_nano.a(lib_a-dtoa.o)
                              /usr/lib/gcc/arm-none-eabi/4.9.2/../../../../arm-none-eabi/lib/armv7-m/libc_nano.a(lib_a-svfprintf.o) (_dtoa_r)
/usr/lib/gcc/arm-none-eabi/4.9.2/../../../../arm-none-eabi/lib/armv7-m/libc_nano.a(lib_a-flags.o)
                              /usr/lib/gcc/arm-none-eabi/4.9.2/../../../../arm-none-eabi/lib/armv7-m/libc_nano.a(lib_a-fopen.o) (__sflags)
/usr/lib/gcc/arm-none-eabi/4.9.2/../../../../arm-none-eabi/lib/armv7-m/libc_nano.a(lib_a-fread.o)
                              /usr/lib/gcc/arm-none-eabi/4.9.2/../../../../arm-none-eabi/lib/armv7-m/libc_nano.a(lib_a-vfscanf.o) (_fread_r)
/usr/lib/gcc/arm-none-eabi/4.9.2/../../../../arm-none-eabi/lib/armv7-m/libc_nano.a(lib_a-fstatr.o)
                              /usr/lib/gcc/arm-none-eabi/4.9.2/../../../../arm-none-eabi/lib/armv7-m/libc_nano.a(lib_a-makebuf.o) (_fstat_r)
/usr/lib/gcc/arm-none-eabi/4.9.2/../../../../arm-none-eabi/lib/armv7-m/libc_nano.a(lib_a-isattyr.o)
                              /usr/lib/gcc/arm-none-eabi/4.9.2/../../../../arm-none-eabi/lib/armv7-m/libc_nano.a(lib_a-makebuf.o) (_isatty_r)
/usr/lib/gcc/arm-none-eabi/4.9.2/../../../../arm-none-eabi/lib/armv7-m/libc_nano.a(lib_a-iswspace.o)
                              /usr/lib/gcc/arm-none-eabi/4.9.2/../../../../arm-none-eabi/lib/armv7-m/libc_nano.a(lib_a-svfscanf.o) (iswspace)
/usr/lib/gcc/arm-none-eabi/4.9.2/../../../../arm-none-eabi/lib/armv7-m/libc_nano.a(lib_a-locale.o)
                              /usr/lib/gcc/arm-none-eabi/4.9.2/../../../../arm-none-eabi/lib/armv7-m/libc_nano.a(lib_a-svfscanf.o) (__locale_mb_cur_max)
/usr/lib/gcc/arm-none-eabi/4.9.2/../../../../arm-none-eabi/lib/armv7-m/libc_nano.a(lib_a-lseekr.o)
                              /usr/lib/gcc/arm-none-eabi/4.9.2/../../../../arm-none-eabi/lib/armv7-m/libc_nano.a(lib_a-stdio.o) (_lseek_r)
/usr/lib/gcc/arm-none-eabi/4.9.2/../../../../arm-none-eabi/lib/armv7-m/libc_nano.a(lib_a-mbrtowc.o)
                              /usr/lib/gcc/arm-none-eabi/4.9.2/../../../../arm-none-eabi/lib/armv7-m/libc_nano.a(lib_a-svfscanf.o) (_mbrtowc_r)
/usr/lib/gcc/arm-none-eabi/4.9.2/../../../../arm-none-eabi/lib/armv7-m/libc_nano.a(lib_a-mbtowc_r.o)
                              /usr/lib/gcc/arm-none-eabi/4.9.2/../../../../arm-none-eabi/lib/armv7-m/libc_nano.a(lib_a-mbrtowc.o) (__mbtowc)
/usr/lib/gcc/arm-none-eabi/4.9.2/../../../../arm-none-eabi/lib/armv7-m/libc_nano.a(lib_a-mprec.o)
                              /usr/lib/gcc/arm-none-eabi/4.9.2/../../../../arm-none-eabi/lib/armv7-m/libc_nano.a(lib_a-dtoa.o) (_Balloc)
/usr/lib/gcc/arm-none-eabi/4.9.2/../../../../arm-none-eabi/lib/armv7-m/libc_nano.a(lib_a-nano-callocr.o)
                              /usr/lib/gcc/arm-none-eabi/4.9.2/../../../../arm-none-eabi/lib/armv7-m/libc_nano.a(lib_a-mprec.o) (_calloc_r)
/usr/lib/gcc/arm-none-eabi/4.9.2/../../../../arm-none-eabi/lib/armv7-m/libc_nano.a(lib_a-readr.o)
                              /usr/lib/gcc/arm-none-eabi/4.9.2/../../../../arm-none-eabi/lib/armv7-m/libc_nano.a(lib_a-stdio.o) (_read_r)
/usr/lib/gcc/arm-none-eabi/4.9.2/../../../../arm-none-eabi/lib/armv7-m/libc_nano.a(lib_a-s_fpclassify.o)
                              /usr/lib/gcc/arm-none-eabi/4.9.2/../../../../arm-none-eabi/lib/armv7-m/libc_nano.a(lib_a-svfprintf.o) (__fpclassifyd)
/usr/lib/gcc/arm-none-eabi/4.9.2/../../../../arm-none-eabi/lib/armv7-m/libc_nano.a(lib_a-sccl.o)
                              /usr/lib/gcc/arm-none-eabi/4.9.2/../../../../arm-none-eabi/lib/armv7-m/libc_nano.a(lib_a-svfscanf.o) (__sccl)
/usr/lib/gcc/arm-none-eabi/4.9.2/../../../../arm-none-eabi/lib/armv7-m/libc_nano.a(lib_a-sf_nan.o)
                              /usr/lib/gcc/arm-none-eabi/4.9.2/../../../../arm-none-eabi/lib/armv7-m/libc_nano.a(lib_a-svfscanf.o) (nanf)
/usr/lib/gcc/arm-none-eabi/4.9.2/../../../../arm-none-eabi/lib/armv7-m/libc_nano.a(lib_a-strtod.o)
                              /usr/lib/gcc/arm-none-eabi/4.9.2/../../../../arm-none-eabi/lib/armv7-m/libc_nano.a(lib_a-svfscanf.o) (_strtod_r)
/usr/lib/gcc/arm-none-eabi/4.9.2/../../../../arm-none-eabi/lib/armv7-m/libc_nano.a(lib_a-strtol.o)
                              /usr/lib/gcc/arm-none-eabi/4.9.2/../../../../arm-none-eabi/lib/armv7-m/libc_nano.a(lib_a-svfscanf.o) (_strtol_r)
/usr/lib/gcc/arm-none-eabi/4.9.2/../../../../arm-none-eabi/lib/armv7-m/libc_nano.a(lib_a-strtoul.o)
                              /usr/lib/gcc/arm-none-eabi/4.9.2/../../../../arm-none-eabi/lib/armv7-m/libc_nano.a(lib_a-svfscanf.o) (_strtoul_r)
/usr/lib/gcc/arm-none-eabi/4.9.2/../../../../arm-none-eabi/lib/armv7-m/libc_nano.a(lib_a-svfiprintf.o)
                              /usr/lib/gcc/arm-none-eabi/4.9.2/../../../../arm-none-eabi/lib/armv7-m/libc_nano.a(lib_a-svfprintf.o) (__ssputs_r)
/usr/lib/gcc/arm-none-eabi/4.9.2/../../../../arm-none-eabi/lib/armv7-m/libc_nano.a(lib_a-svfiscanf.o)
                              /usr/lib/gcc/arm-none-eabi/4.9.2/../../../../arm-none-eabi/lib/armv7-m/libc_nano.a(lib_a-svfscanf.o) (_sungetc_r)
/usr/lib/gcc/arm-none-eabi/4.9.2/../../../../arm-none-eabi/lib/armv7-m/libc_nano.a(lib_a-ungetc.o)
                              /usr/lib/gcc/arm-none-eabi/4.9.2/../../../../arm-none-eabi/lib/armv7-m/libc_nano.a(lib_a-svfiscanf.o) (__submore)
/usr/lib/gcc/arm-none-eabi/4.9.2/../../../../arm-none-eabi/lib/armv7-m/libc_nano.a(lib_a-vfiprintf.o)
                              /usr/lib/gcc/arm-none-eabi/4.9.2/../../../../arm-none-eabi/lib/armv7-m/libc_nano.a(lib_a-vfprintf.o) (__sfputs_r)
/usr/lib/gcc/arm-none-eabi/4.9.2/../../../../arm-none-eabi/lib/armv7-m/libc_nano.a(lib_a-fvwrite.o)
                              /usr/lib/gcc/arm-none-eabi/4.9.2/../../../../arm-none-eabi/lib/armv7-m/libc_nano.a(lib_a-vfiprintf.o) (__sfvwrite_r)
/usr/lib/gcc/arm-none-eabi/4.9.2/../../../../arm-none-eabi/lib/armv7-m/libc_nano.a(lib_a-gdtoa-gethex.o)
                              /usr/lib/gcc/arm-none-eabi/4.9.2/../../../../arm-none-eabi/lib/armv7-m/libc_nano.a(lib_a-strtod.o) (__gethex)
/usr/lib/gcc/arm-none-eabi/4.9.2/../../../../arm-none-eabi/lib/armv7-m/libc_nano.a(lib_a-gdtoa-hexnan.o)
                              /usr/lib/gcc/arm-none-eabi/4.9.2/../../../../arm-none-eabi/lib/armv7-m/libc_nano.a(lib_a-strtod.o) (__hexnan)
/usr/lib/gcc/arm-none-eabi/4.9.2/../../../../arm-none-eabi/lib/armv7-m/libc_nano.a(lib_a-memmove.o)
                              /usr/lib/gcc/arm-none-eabi/4.9.2/../../../../arm-none-eabi/lib/armv7-m/libc_nano.a(lib_a-svfiprintf.o) (memmove)
/usr/lib/gcc/arm-none-eabi/4.9.2/../../../../arm-none-eabi/lib/armv7-m/libc_nano.a(lib_a-nano-reallocr.o)
                              /usr/lib/gcc/arm-none-eabi/4.9.2/../../../../arm-none-eabi/lib/armv7-m/libc_nano.a(lib_a-svfiprintf.o) (_realloc_r)
/usr/lib/gcc/arm-none-eabi/4.9.2/../../../../arm-none-eabi/lib/armv7-m/libc_nano.a(lib_a-nano-msizer.o)
                              /usr/lib/gcc/arm-none-eabi/4.9.2/../../../../arm-none-eabi/lib/armv7-m/libc_nano.a(lib_a-nano-reallocr.o) (_malloc_usable_size_r)
/usr/lib/gcc/arm-none-eabi/4.9.2/armv7-m/libgcc.a(_ashldi3.o)
                              nRF24L01P/nRF24L01P.o (__aeabi_llsl)
/usr/lib/gcc/arm-none-eabi/4.9.2/armv7-m/libgcc.a(_arm_addsubdf3.o)
                              Servo/Servo.o (__aeabi_dsub)
/usr/lib/gcc/arm-none-eabi/4.9.2/armv7-m/libgcc.a(_arm_muldivdf3.o)
                              Servo/Servo.o (__aeabi_dmul)
/usr/lib/gcc/arm-none-eabi/4.9.2/armv7-m/libgcc.a(_arm_cmpdf2.o)
                              /usr/lib/gcc/arm-none-eabi/4.9.2/../../../../arm-none-eabi/lib/armv7-m/libc_nano.a(lib_a-svfprintf.o) (__aeabi_dcmpeq)
/usr/lib/gcc/arm-none-eabi/4.9.2/armv7-m/libgcc.a(_arm_fixdfsi.o)
                              ./mbed/TARGET_LPC1768/TOOLCHAIN_GCC_ARM/libmbed.a(spi_api.o) (__aeabi_d2iz)
/usr/lib/gcc/arm-none-eabi/4.9.2/armv7-m/libgcc.a(_arm_fixunsdfsi.o)
                              /usr/lib/gcc/arm-none-eabi/4.9.2/../../../../arm-none-eabi/lib/armv7-m/libc_nano.a(lib_a-strtod.o) (__aeabi_d2uiz)
/usr/lib/gcc/arm-none-eabi/4.9.2/armv7-m/libgcc.a(_arm_truncdfsf2.o)
                              Servo/Servo.o (__aeabi_d2f)
/usr/lib/gcc/arm-none-eabi/4.9.2/armv7-m/libgcc.a(_arm_addsubsf3.o)
                              ./mbed/TARGET_LPC1768/TOOLCHAIN_GCC_ARM/libmbed.a(spi_api.o) (__aeabi_fadd)
/usr/lib/gcc/arm-none-eabi/4.9.2/armv7-m/libgcc.a(_arm_muldivsf3.o)
                              Servo/Servo.o (__aeabi_fmul)
/usr/lib/gcc/arm-none-eabi/4.9.2/armv7-m/libgcc.a(_arm_cmpsf2.o)
                              Servo/Servo.o (__aeabi_fcmplt)
/usr/lib/gcc/arm-none-eabi/4.9.2/armv7-m/libgcc.a(_arm_fixsfsi.o)
                              ./mbed/TARGET_LPC1768/TOOLCHAIN_GCC_ARM/libmbed.a(pwmout_api.o) (__aeabi_f2iz)
/usr/lib/gcc/arm-none-eabi/4.9.2/armv7-m/libgcc.a(_arm_fixunssfsi.o)
                              ./mbed/TARGET_LPC1768/TOOLCHAIN_GCC_ARM/libmbed.a(pwmout_api.o) (__aeabi_f2uiz)
/usr/lib/gcc/arm-none-eabi/4.9.2/armv7-m/libgcc.a(_aeabi_uldivmod.o)
                              mbed/TARGET_LPC1768/TOOLCHAIN_GCC_ARM/system_LPC17xx.o (__aeabi_uldivmod)
/usr/lib/gcc/arm-none-eabi/4.9.2/armv7-m/libgcc.a(bpabi.o)
                              /usr/lib/gcc/arm-none-eabi/4.9.2/armv7-m/libgcc.a(_aeabi_uldivmod.o) (__gnu_uldivmod_helper)
/usr/lib/gcc/arm-none-eabi/4.9.2/armv7-m/libgcc.a(_dvmd_tls.o)
                              /usr/lib/gcc/arm-none-eabi/4.9.2/armv7-m/libgcc.a(_aeabi_uldivmod.o) (__aeabi_ldiv0)
/usr/lib/gcc/arm-none-eabi/4.9.2/armv7-m/libgcc.a(_divdi3.o)
                              /usr/lib/gcc/arm-none-eabi/4.9.2/armv7-m/libgcc.a(bpabi.o) (__divdi3)
/usr/lib/gcc/arm-none-eabi/4.9.2/armv7-m/libgcc.a(_udivdi3.o)
                              /usr/lib/gcc/arm-none-eabi/4.9.2/armv7-m/libgcc.a(bpabi.o) (__udivdi3)
